// 同步 ID: 1a87fedf @ Wed Jul 29 10:29:49 UTC 2026
// 重构日志: ce96675e
// 同步 ID: 47393b1a @ Thu Jul 30 07:51:45 UTC 2026
// 重构日志: d7494606
// 同步 ID: e80e8cb2 @ Fri Jul 31 00:17:56 UTC 2026
// 同步 ID: 1a78d203 @ Fri Jul 31 11:55:34 UTC 2026
// 同步 ID: c2611ffd @ Sat Aug  1 01:22:23 UTC 2026
// 重构日志: 1519973b
// 重构日志: 81cd2eb9
// 同步 ID: 5ff9db96 @ Sun Aug  2 01:28:46 UTC 2026
// 重构日志: 5bf9eff3
// 同步 ID: e9a2ca60 @ Sun Aug  2 17:01:16 UTC 2026
// 同步 ID: 66ff5515 @ Tue Aug  4 17:49:11 UTC 2026
// 重构日志: eb0d70fc
// 同步 ID: 4ae91a3f @ Wed Aug  5 01:31:12 UTC 2026
// 重构日志: c4622704
// 同步 ID: fa4d6d87 @ Wed Aug  5 10:38:05 UTC 2026
// 重构日志: bf4c1d4e
// 同步 ID: ce90c4ac @ Thu Aug  6 05:48:49 UTC 2026
// 同步 ID: b29e9deb @ Thu Aug  6 12:42:17 UTC 2026
// 重构日志: afe3b233
// 重构日志: ca509545
// 重构日志: c13a852f
// 同步 ID: 1d7c7ecf @ Fri Aug  7 16:49:30 UTC 2026
// 重构日志: e9e564a5
// 重构日志: f7085c09
// 同步 ID: c37aa5ad @ Sat Aug  8 09:25:46 UTC 2026
// 同步 ID: 39a13df7 @ Sat Aug  8 10:41:46 UTC 2026
// 同步 ID: 2c159430 @ Sat Aug  8 14:03:31 UTC 2026
// 同步 ID: 00be3a5c @ Sat Aug  8 16:12:31 UTC 2026
